<html>
<body>
<pre>
<h1>µVision Build Log</h1>
<h2>Tool Versions:</h2>
IDE-Version: ¦ÌVision V5.40.0.0
Copyright (C) 2024 ARM Ltd and ARM Germany GmbH. All rights reserved.
License Information: Niel Law
Lancer Inc.
User-based license: Keil MDK Community (non-commercial free of charge)
Valid until: Jun 1 2033. Cached until: Jan 14 2025
 
Tool Versions:
Toolchain:       Keil MDK Community (non-commercial free of charge  Version: 5.40.0.3
Toolchain Path:  C:\Keil_v5\ARM\ARMCLANG\Bin
C Compiler:      ArmClang.exe V6.22
Assembler:       Armasm.exe V6.22
Linker/Locator:  ArmLink.exe V6.22
Library Manager: ArmAr.exe V6.22
Hex Converter:   FromElf.exe V6.22
CPU DLL:         SARMCM3.DLL V5.40.0.3
Dialog DLL:      DCM.DLL V1.17.5.0
Target DLL:      Segger\JL2CM3.dll V2.99.44.0
Dialog DLL:      TCM.DLL V1.56.4.0
 
<h2>Project:</h2>
C:\Users\08607\Desktop\Source\ST25R3911B\epd-demo\MDK-ARM\epd-demo.uvprojx
Project File Date:  01/08/2025

<h2>Output:</h2>
*** Using Compiler 'V6.22', folder: 'C:\Keil_v5\ARM\ARMCLANG\Bin'
Rebuild target 'epd-demo'
assembling startup_stm32f103xb.s...
compiling gpio.c...
compiling stm32f1xx_hal_msp.c...
compiling fatfs.c...
compiling tim.c...
compiling usart.c...
compiling stm32f1xx_it.c...
compiling user_diskio.c...
compiling logger.c...
../Src/main.c(31): warning: the current #pragma pack alignment value is modified in the included file [-Wpragma-pack]
   31 | #include "SD_Card_APP.h"
      |          ^
../User/SDcard\SD_Card_APP.h(22): note: previous '#pragma pack' directive that modifies alignment is here
   22 | #pragma pack(1) /* Mandatory to remove any padding */
      |         ^
../Src/main.c(76): warning: variable length array folded to constant array as an extension [-Wgnu-folding-constant]
   76 |        const char szEnglishMonth[MONTH_PER_YEAR][4]={ "Jan","Feb","Mar","Apr","May","Jun","Jul","Aug","Sep","Oct","Nov","Dec"};
      |                   ^
../Src/main.c(184): warning: passing 'char[3]' to parameter of type 'uint8_t *' (aka 'unsigned char *') converts between pointers to integer types where one is of the unique plain 'char' type and the other is not [-Wpointer-sign]
  184 |         file_num = Browser_save_fileame("0:");          
      |                                         ^~~~
../User/Browser\Browser.h(44): note: passing argument to parameter 'path' here
   44 | uint8_t Browser_save_fileame(uint8_t * path);
      |                                        ^
3 warnings generated.
compiling main.c...
compiling spi.c...
compiling demo.c...
compiling DEV_Config.c...
compiling SPI_RAM.c...
../User/SDcard/SD_Card_APP.c(12): warning: the current #pragma pack alignment value is modified in the included file [-Wpragma-pack]
   12 | #include "SD_Card_APP.h"
      |          ^
../User/SDcard\SD_Card_APP.h(22): note: previous '#pragma pack' directive that modifies alignment is here
   22 | #pragma pack(1) /* Mandatory to remove any padding */
      |         ^
../User/SDcard/SD_Card_APP.c(212): warning: illegal character encoding in string literal [-Winvalid-source-encoding]
  212 |                                         printf("<B4><F2><B6>Ï¶<C1>Í¼\r\n");
      |                                                 ^~~~~~~~~~~~ ~~~~
../User/SDcard/SD_Card_APP.c(299): warning: illegal character encoding in string literal [-Winvalid-source-encoding]
  299 |                                          printf("<B4><F2><B6>Ï¶<C1>Í¼\r\n");
      |                                                  ^~~~~~~~~~~~ ~~~~
3 warnings generated.
compiling SD_Card_APP.c...
compiling stm32f1xx_hal_gpio_ex.c...
compiling stm32f1xx_hal.c...
compiling GUI_Paint.c...
compiling stm32f1xx_hal_rcc_ex.c...
compiling SD_Card_Interface.c...
compiling stm32f1xx_hal_rcc.c...
compiling stm32f1xx_hal_cortex.c...
compiling stm32f1xx_hal_gpio.c...
compiling stm32f1xx_hal_dma.c...
compiling SD_Card_Drive.c...
compiling stm32f1xx_hal_pwr.c...
compiling stm32f1xx_hal_flash.c...
compiling stm32f1xx_hal_flash_ex.c...
compiling stm32f1xx_hal_exti.c...
compiling diskio.c...
compiling system_stm32f1xx.c...
compiling syscall.c...
compiling ff_gen_drv.c...
compiling stm32f1xx_hal_spi.c...
compiling stm32f1xx_hal_tim_ex.c...
compiling stm32f1xx_hal_uart.c...
compiling ccsbcs.c...
compiling Fonts.c...
compiling stm32f1xx_hal_tim.c...
compiling SSD1306.c...
compiling ff.c...
../User/Browser/Browser.c(1): warning: In file included from...
../User/Browser\Browser.h(14): warning: the current #pragma pack alignment value is modified in the included file [-Wpragma-pack]
   14 | #include "SD_Card_APP.h"
      |          ^
../User/SDcard\SD_Card_APP.h(22): note: previous '#pragma pack' directive that modifies alignment is here
   22 | #pragma pack(1) /* Mandatory to remove any padding */
      |         ^
../User/Browser/Browser.c(1): warning: the current #pragma pack alignment value is modified in the included file [-Wpragma-pack]
    1 | #include "Browser.h"
      |          ^
../User/SDcard\SD_Card_APP.h(22): note: previous '#pragma pack' directive that modifies alignment is here
   22 | #pragma pack(1) /* Mandatory to remove any padding */
      |         ^
../User/Browser/Browser.c(106): warning: variable length array folded to constant array as an extension [-Wgnu-folding-constant]
  106 | const char Model_string[ePaper_Quantity+3][21] = {
      |            ^
../User/Browser/Browser.c(475): warning: variable length array folded to constant array as an extension [-Wgnu-folding-constant]
  475 | const int length[ePaper_Quantity+1]= {16,16,100,120,121,106,100,120};
      |           ^
../User/Browser/Browser.c(1096): warning: 'memset' will always overflow; destination buffer has size 120, but size argument is 121 [-Wfortify-source]
 1096 |                                                                 memset(&step8[3], 0xFF, 121);
      |                                                                 ^
5 warnings generated.
compiling Browser.c...
compiling Key.c...
compiling timer.c...
compiling st25r3911_com.c...
compiling rfal_crc.c...
compiling rfal_analogConfig.c...
compiling st25r3911_interrupt.c...
compiling st25r3911.c...
compiling rfal_iso15693_2.c...
compiling rfal_nfca.c...
compiling rfal_isoDep.c...
compiling rfal_nfcb.c...
compiling rfal_nfcf.c...
compiling retarget_io.c...
compiling rfal_nfcv.c...
compiling rfal_t1t.c...
compiling rfal_st25tb.c...
compiling rfal_nfcDep.c...
compiling rfal_rfst25r3911.c...
linking...
Program Size: Code=76608 RO-data=6632 RW-data=112 ZI-data=12808  
FromELF: creating hex file...
"epd-demo\epd-demo.axf" - 0 Error(s), 11 Warning(s).

<h2>Software Packages used:</h2>

Package Vendor: ARM
                https://www.keil.com/pack/ARM.CMSIS.6.1.0.pack
                ARM::CMSIS@6.1.0
                CMSIS (Common Microcontroller Software Interface Standard)
   * Component: CORE Version: 6.1.0

Package Vendor: ARM
                https://www.keil.com/pack/ARM.CMSIS-Compiler.2.1.0.pack
                ARM::CMSIS-Compiler@2.1.0
                CMSIS Compiler extensions for Arm Compiler, GCC, Clang, and IAR Compiler
   * Component: STDOUT Version: 1.1.0
   * Component: CORE Version: 1.1.0
   * Component: Custom Version: 1.1.0

Package Vendor: Keil
                https://www.keil.com/pack/Keil.STM32F1xx_DFP.2.4.1.pack
                Keil::STM32F1xx_DFP@2.4.1
                STMicroelectronics STM32F1 Series Device Support, Drivers and Examples

<h2>Collection of Component include folders:</h2>
  ./RTE/_epd-demo
  C:/Users/08607/AppData/Local/Arm/Packs/ARM/CMSIS-Compiler/2.1.0/include
  C:/Users/08607/AppData/Local/Arm/Packs/ARM/CMSIS/6.1.0/CMSIS/Core/Include
  C:/Users/08607/AppData/Local/Arm/Packs/Keil/STM32F1xx_DFP/2.4.1/Device/Include

<h2>Collection of Component Files used:</h2>

   * Component: ::CMSIS-Compiler:STDOUT(API)@1.1.0
      Include file:  include/retarget_stdout.h

   * Component: ARM::CMSIS-Compiler:CORE@1.1.0
      Source file:   source/armcc/retarget_io.c

   * Component: ARM::CMSIS-Compiler:STDOUT:Custom@1.1.0
      Source file:   template/stdio/stdout_user.c

   * Component: ARM::CMSIS:CORE@6.1.0
Build Time Elapsed:  00:00:09
</pre>
</body>
</html>
